// Jest Snapshot v1, https://goo.gl/fbAQLP

exports[`Header.vue snapshot 1`] = `
"ToDoList  Task: 
    () => ({})"
`;
